{
  "RawHeader": "feat(bump00): allow bump minor (0001-01-01)",
  "Type": "feat",
  "Scope": "bump00"
}