# CHANGELOG

## v1.0.0 (2020-1-18)

### Added

- feat: new feature

### Fixed

- feat: new feature

### Others

- chore: new build