[
  "# CHANGELOG",
  "## v1.0.0 (1-1-1)",
  "### Others",
  "- ci: description"
]