{
  "RawHeader": "feat(lang): add polish language",
  "Type": "feat",
  "Scope": "lang"
}