{
  "RawHeader": "docs: correct spelling of CHANGELOG",
  "Type": "docs"
}