{
  "RawHeader": "random git message (2020-04-01)",
  "Type": "misc",
  "Scope": ""
}