{
  "RawHeader": "random git message 0001-01-01",
  "Type": "misc",
  "Scope": ""
}