{
  "RawHeader": "Docs: correct spelling of CHANGELOG",
  "Type": "docs"
}