# CHANGELOG

## v1.0.0 (2020-03-22)

### Added

- feat: new feature

- feat(a): support new client

### Fixed

- fix: new fix

### Others

- chore(a): new build

- unleash the dragon
